// Vitest Snapshot v1, https://vitest.dev/guide/snapshot.html

exports[`App > renders magnificent monkeys 1`] = `
<div>
  <div>
    Loading...
  </div>
</div>
`;
